TRUNCATE TABLE
Error while executing topic command : Topic 'events' does not exist as expected
[2026-09-14 07:11:59,834] ERROR java.lang.IllegalArgumentException: Topic 'events' does not exist as expected
	at kafka.admin.TopicCommand$.kafka$admin$TopicCommand$$ensureTopicExists(TopicCommand.scala:400)
	at kafka.admin.TopicCommand$TopicService.deleteTopic(TopicCommand.scala:360)
	at kafka.admin.TopicCommand$.main(TopicCommand.scala:65)
	at kafka.admin.TopicCommand.main(TopicCommand.scala)
 (kafka.admin.TopicCommand$)
Error while executing topic command : Topic 'events-routed' does not exist as expected
[2026-09-14 07:12:05,988] ERROR java.lang.IllegalArgumentException: Topic 'events-routed' does not exist as expected
	at kafka.admin.TopicCommand$.kafka$admin$TopicCommand$$ensureTopicExists(TopicCommand.scala:400)
	at kafka.admin.TopicCommand$TopicService.deleteTopic(TopicCommand.scala:360)
	at kafka.admin.TopicCommand$.main(TopicCommand.scala:65)
	at kafka.admin.TopicCommand.main(TopicCommand.scala)
 (kafka.admin.TopicCommand$)

Error: Deletion of some consumer groups failed:
* Group 'loss-lab' could not be deleted due to: java.util.concurrent.ExecutionException: org.apache.kafka.common.errors.GroupIdNotFoundException: The group id does not exist.

Error: Deletion of some consumer groups failed:
* Group 'loss-lab' could not be deleted due to: java.util.concurrent.ExecutionException: org.apache.kafka.common.errors.GroupIdNotFoundException: The group id does not exist.
Created topic events.
Created topic events-routed.
--- kafka1 ---
Topic: events	TopicId: PRLriHl4S2-lFPz4Nrcy5Q	PartitionCount: 3	ReplicationFactor: 3	Configs: min.insync.replicas=2,message.timestamp.type=LogAppendTime
	Topic: events	Partition: 0	Leader: 13	Replicas: 13,12,11	Isr: 13,12,11
	Topic: events	Partition: 1	Leader: 12	Replicas: 12,11,13	Isr: 12,11,13
	Topic: events	Partition: 2	Leader: 11	Replicas: 11,13,12	Isr: 11,13,12
--- kafka2 ---
Topic: events-routed	TopicId: qhp7qw0KSTKYgCvapgKmlg	PartitionCount: 3	ReplicationFactor: 2	Configs: min.insync.replicas=1,message.timestamp.type=LogAppendTime
	Topic: events-routed	Partition: 0	Leader: 21	Replicas: 21,22	Isr: 21,22
	Topic: events-routed	Partition: 1	Leader: 22	Replicas: 22,21	Isr: 22,21
	Topic: events-routed	Partition: 2	Leader: 21	Replicas: 21,22	Isr: 21,22
reset done
