2026-09-14 06:36:42,582 INFO  org.apache.flink.connector.base.source.reader.SourceReaderBase [] - Adding split(s) to reader: [[Partition: events-routed-2, StartingOffset: -3, StoppingOffset: -9223372036854775808], [Partition: events-routed-0, StartingOffset: -3, StoppingOffset: -9223372036854775808]]
2026-09-14 06:36:42,588 INFO  org.apache.flink.connector.base.source.reader.SourceReaderBase [] - Adding split(s) to reader: [[Partition: events-routed-1, StartingOffset: -3, StoppingOffset: -9223372036854775808]]
2026-09-14 06:37:41,031 INFO  org.apache.flink.connector.base.source.reader.SourceReaderBase [] - Adding split(s) to reader: [[Partition: events-1, StartingOffset: -3, StoppingOffset: -9223372036854775808]]
2026-09-14 06:37:41,034 INFO  org.apache.flink.connector.base.source.reader.SourceReaderBase [] - Adding split(s) to reader: [[Partition: events-0, StartingOffset: -3, StoppingOffset: -9223372036854775808], [Partition: events-2, StartingOffset: -3, StoppingOffset: -9223372036854775808]]
2026-09-14 06:39:45,874 INFO  org.apache.flink.connector.base.source.reader.SourceReaderBase [] - Adding split(s) to reader: [[Partition: events-1, StartingOffset: -3, StoppingOffset: -9223372036854775808]]
2026-09-14 06:39:45,887 INFO  org.apache.flink.connector.base.source.reader.SourceReaderBase [] - Adding split(s) to reader: [[Partition: events-0, StartingOffset: -3, StoppingOffset: -9223372036854775808], [Partition: events-2, StartingOffset: -3, StoppingOffset: -9223372036854775808]]
2026-09-14 06:39:59,137 INFO  org.apache.flink.connector.base.source.reader.SourceReaderBase [] - Adding split(s) to reader: [[Partition: events-routed-1, StartingOffset: -3, StoppingOffset: -9223372036854775808]]
2026-09-14 06:39:59,137 INFO  org.apache.flink.connector.base.source.reader.SourceReaderBase [] - Adding split(s) to reader: [[Partition: events-routed-2, StartingOffset: -3, StoppingOffset: -9223372036854775808], [Partition: events-routed-0, StartingOffset: -3, StoppingOffset: -9223372036854775808]]
2026-09-14 06:40:54,875 INFO  org.apache.flink.connector.base.source.reader.SourceReaderBase [] - Adding split(s) to reader: [[Partition: events-0, StartingOffset: -3, StoppingOffset: -9223372036854775808], [Partition: events-2, StartingOffset: -3, StoppingOffset: -9223372036854775808]]
2026-09-14 06:40:54,878 INFO  org.apache.flink.connector.base.source.reader.SourceReaderBase [] - Adding split(s) to reader: [[Partition: events-1, StartingOffset: -3, StoppingOffset: -9223372036854775808]]
2026-09-14 06:42:56,949 INFO  org.apache.flink.connector.base.source.reader.SourceReaderBase [] - Adding split(s) to reader: [[Partition: events-0, StartingOffset: -3, StoppingOffset: -9223372036854775808], [Partition: events-2, StartingOffset: -3, StoppingOffset: -9223372036854775808]]
2026-09-14 06:42:56,951 INFO  org.apache.flink.connector.base.source.reader.SourceReaderBase [] - Adding split(s) to reader: [[Partition: events-1, StartingOffset: -3, StoppingOffset: -9223372036854775808]]
2026-09-14 06:43:10,686 INFO  org.apache.flink.connector.base.source.reader.SourceReaderBase [] - Adding split(s) to reader: [[Partition: events-routed-2, StartingOffset: -3, StoppingOffset: -9223372036854775808], [Partition: events-routed-0, StartingOffset: -3, StoppingOffset: -9223372036854775808]]
2026-09-14 06:43:10,686 INFO  org.apache.flink.connector.base.source.reader.SourceReaderBase [] - Adding split(s) to reader: [[Partition: events-routed-1, StartingOffset: -3, StoppingOffset: -9223372036854775808]]
2026-09-14 06:43:58,607 INFO  org.apache.flink.connector.base.source.reader.SourceReaderBase [] - Adding split(s) to reader: [[Partition: events-1, StartingOffset: -3, StoppingOffset: -9223372036854775808]]
2026-09-14 06:43:58,608 INFO  org.apache.flink.connector.base.source.reader.SourceReaderBase [] - Adding split(s) to reader: [[Partition: events-0, StartingOffset: -3, StoppingOffset: -9223372036854775808], [Partition: events-2, StartingOffset: -3, StoppingOffset: -9223372036854775808]]
2026-09-14 06:58:35,707 INFO  org.apache.flink.connector.base.source.reader.SourceReaderBase [] - Adding split(s) to reader: [[Partition: events-1, StartingOffset: -2, StoppingOffset: -9223372036854775808]]
2026-09-14 06:58:35,707 INFO  org.apache.flink.connector.base.source.reader.SourceReaderBase [] - Adding split(s) to reader: [[Partition: events-2, StartingOffset: -2, StoppingOffset: -9223372036854775808], [Partition: events-0, StartingOffset: -2, StoppingOffset: -9223372036854775808]]
2026-09-14 06:59:26,924 INFO  org.apache.flink.connector.base.source.reader.SourceReaderBase [] - Adding split(s) to reader: [[Partition: events-1, StartingOffset: 177, StoppingOffset: -9223372036854775808]]
2026-09-14 06:59:26,925 INFO  org.apache.flink.connector.base.source.reader.SourceReaderBase [] - Adding split(s) to reader: [[Partition: events-2, StartingOffset: 194, StoppingOffset: -9223372036854775808], [Partition: events-0, StartingOffset: 228, StoppingOffset: -9223372036854775808]]
